Enter input for key
Enter input for data
Enter input for key
Enter input for data
Enter input for key
Enter input for data
Enter input for key
Enter input for data
Enter input for key
Enter input for data
Enter input for key
Enter input for data
Enter input for key
Enter input for data
Enter input for key
Enter input for data
Enter input for key
Enter input for data
Enter input for key
Enter input for data
Enter input for key
Enter input for data
Enter input for key
Enter input for data
Enter input for key
Enter input for data
Enter input for key
Enter input for data
Enter input for key
Enter input for data
Enter input for key
Enter input for data
Enter input for key
Enter input for data
Enter input for key
Enter input for data
Enter input for key
Enter input for data
Enter input for key
Enter input for data
Enter input for key
Enter input for data
Enter input for key
Enter input for data
Enter input for key
Enter input for data
Enter input for key
Enter input for data
Enter input for key
Enter input for data
Enter input for key
Enter input for data
Enter input for key
Enter input for data
Enter input for key
Enter input for data
Enter input for key
Enter input for data
Enter input for key
Enter input for data
Enter input for key
Enter input for data
Enter input for key
Enter input for data
Enter input for key
Enter input for data
Enter input for key
Enter input for data
Enter input for key
Enter input for data
Enter input for key
Enter input for data
Enter input for key
Enter input for data
Enter input for key
Enter input for data
Enter input for key
Enter input for data
Enter input for key
Enter input for data
Enter input for key
Enter input for data
Enter input for key
Enter input for data
Enter input for key
Enter input for data
Enter input for key
Enter input for data
Enter input for key
Enter input for data
Enter input for key
Enter input for data
Enter input for key
Enter input for data
Enter input for key
Enter input for data
Enter input for key
Enter input for data
Enter input for key
Enter input for data
Enter input for key
Enter input for data
Enter input for key
Enter input for data
Enter input for key
Enter input for data
Enter input for key
Enter input for data
Enter input for key
Enter input for data
Enter input for key
Enter input for data
Enter input for key
Enter input for data
Enter input for key
Enter input for data
Enter input for key
Enter input for data
Enter input for key
Enter input for data
Enter input for key
Enter input for data
Enter input for key
Enter input for data
Enter input for key
Enter input for data
Enter input for key
Enter input for data
Enter input for key
Enter input for data
Enter input for key
Enter input for data
Enter input for key
Enter input for data
Enter input for key
Enter input for data
Enter input for key
Enter input for data
Enter input for key
Enter input for data
Enter input for key
Enter input for data
Enter input for key
Enter input for data
Enter input for key
Enter input for data
Enter input for key
Enter input for data
Enter input for key
Enter input for data
Enter input for key
Enter input for data
Enter input for key
Enter input for data
Enter input for key
Enter input for data
Enter input for key
Enter input for data
Enter input for key
Enter input for data
Enter input for key
Enter input for data
Enter input for key
Enter input for data
Enter input for key
Enter input for data
Enter input for key
Enter input for data
Enter input for key
Enter input for data
Enter input for key
Enter input for data
Enter input for key
Enter input for data
Enter input for key
Enter input for data
Enter input for key
Enter input for data
Enter input for key
Enter input for data
Enter input for key
Enter input for data
Enter input for key
Enter input for data
Enter input for key
Enter input for data
Enter input for key
Enter input for data
Enter input for key
Enter input for data
Enter input for key
Enter input for data
Enter input for key
Enter input for data
Enter input for key
Enter input for data
Enter input for key
Enter input for data
Enter input for key
Enter input for data
Enter input for key
Enter input for data
Enter input for key
Enter input for data
Enter input for key
Enter input for data
Enter input for key
Enter input for data
Enter input for key
Enter input for data
Enter input for key
Enter input for data
Enter input for key
Enter input for data
Enter input for key
Enter input for data
Enter input for key
Enter input for data
Enter input for key
Enter input for data
Enter input for key
Enter input for data
Enter input for key
Enter input for data
Enter input for key
Enter input for data
Enter input for key
Enter input for data
Enter input for key
Enter input for data
Enter input for key
Enter input for data
Enter input for key
Enter input for data
Enter input for key
Enter input for data
Enter input for key
Enter input for data
Enter input for key
Enter input for data
Enter input for key
Enter input for data
Enter input for key
Enter input for data
Enter input for key
Enter input for data
Enter input for key
Enter input for data
Enter input for key
Enter input for data
Enter input for key
Enter input for data
Enter input for key
Enter input for data
Enter input for key
Enter input for data
Enter input for key
Enter input for data
Enter input for key
Enter input for data
Enter input for key
Enter input for data
Enter input for key
Enter input for data
Enter input for key
Enter input for data
Enter input for key
Enter input for data
Enter input for key
Enter input for data
Enter input for key
Enter input for data
Enter input for key
Enter input for data
Enter input for key
Enter input for data
Enter input for key
Enter input for data
Enter input for key
Enter input for data
Enter input for key
Enter input for data
Enter input for key
Enter input for data
Enter input for key
Enter input for data
Enter input for key
Enter input for data
Enter input for key
Enter input for data
Enter input for key
Enter input for data
Enter input for key
Enter input for data
Enter input for key
Enter input for data
Enter input for key
Enter input for data
Enter input for key
Enter input for data
Enter input for key
Enter input for data
Enter input for key
Enter input for data
Enter input for key
Enter input for data
Enter input for key
Enter input for data
Enter input for key
Enter input for data
Enter input for key
Enter input for data
Enter input for key
Enter input for data
Enter input for key
Enter input for data
Enter input for key
Enter input for data
Enter input for key
Enter input for data
Enter input for key
Enter input for data
Enter input for key
Enter input for data
Enter input for key
Enter input for data
Enter input for key
Enter input for data
Enter input for key
Enter input for data
Enter input for key
Enter input for data
Enter input for key
Enter input for data
Enter input for key
Enter input for data
Enter input for key
Enter input for data
Enter input for key
Enter input for data
Enter input for key
Enter input for data
Enter input for key
Enter input for data
Enter input for key
Enter input for data
Enter input for key
Enter input for data
Enter input for key
Enter input for data
Enter input for key
Enter input for data
Enter input for key
Enter input for data
Enter input for key
Enter input for data
Enter input for key
Enter input for data
Enter input for key
Enter input for data
Enter input for key
Enter input for data
Enter input for key
Enter input for data
Enter input for key
Enter input for data
Enter input for key
Enter input for data
Enter input for key
Enter input for data
Enter input for key
Enter input for data
Enter input for key
Enter input for data
Enter input for key
Enter input for data
Enter input for key
Enter input for data
Enter input for key
Enter input for data
Enter input for key
Enter input for data
Enter input for key
Enter input for data
Enter input for key
Enter input for data
Enter input for key
Enter input for data
Enter input for key
Enter input for data
Enter input for key
Enter input for data
Enter input for key
Enter input for data
Enter input for key
Enter input for data
Enter input for key
Enter input for data
Enter input for key
Enter input for data
Enter input for key
item #1
key:  1
dat:  1

item #2
key:  2
dat:  2

item #3
key:  3
dat:  3

item #4
key:  4
dat:  4

item #5
key:  5
dat:  5

item #6
key:  6
dat:  6

item #7
key:  7
dat:  7

item #8
key:  8
dat:  8

item #9
key:  9
dat:  9

item #10
key:  10
dat:  10

item #11
key:  11
dat:  11

item #12
key:  12
dat:  12

item #13
key:  13
dat:  13

item #14
key:  14
dat:  14

item #15
key:  15
dat:  15

item #16
key:  16
dat:  16

item #17
key:  17
dat:  17

item #18
key:  18
dat:  18

item #19
key:  19
dat:  19

item #20
key:  20
dat:  20

item #21
key:  21
dat:  21

item #22
key:  22
dat:  22

item #23
key:  23
dat:  23

item #24
key:  24
dat:  24

item #25
key:  25
dat:  25

item #26
key:  26
dat:  26

item #27
key:  27
dat:  27

item #28
key:  28
dat:  28

item #29
key:  29
dat:  29

item #30
key:  30
dat:  30

item #31
key:  31
dat:  31

item #32
key:  32
dat:  32

item #33
key:  33
dat:  33

item #34
key:  34
dat:  34

item #35
key:  35
dat:  35

item #36
key:  36
dat:  36

item #37
key:  37
dat:  37

item #38
key:  38
dat:  38

item #39
key:  39
dat:  39

item #40
key:  40
dat:  40

item #41
key:  41
dat:  41

item #42
key:  42
dat:  42

item #43
key:  43
dat:  43

item #44
key:  44
dat:  44

item #45
key:  45
dat:  45

item #46
key:  46
dat:  46

item #47
key:  47
dat:  47

item #48
key:  48
dat:  48

item #49
key:  49
dat:  49

item #50
key:  50
dat:  50

item #51
key:  51
dat:  51

item #52
key:  52
dat:  52

item #53
key:  53
dat:  53

item #54
key:  54
dat:  54

item #55
key:  55
dat:  55

item #56
key:  56
dat:  56

item #57
key:  57
dat:  57

item #58
key:  58
dat:  58

item #59
key:  59
dat:  59

item #60
key:  60
dat:  60

item #61
key:  61
dat:  61

item #62
key:  62
dat:  62

item #63
key:  63
dat:  63

item #64
key:  64
dat:  64

item #65
key:  65
dat:  65

item #66
key:  66
dat:  66

item #67
key:  67
dat:  67

item #68
key:  68
dat:  68

item #69
key:  69
dat:  69

item #70
key:  70
dat:  70

item #71
key:  71
dat:  71

item #72
key:  72
dat:  72

item #73
key:  73
dat:  73

item #74
key:  74
dat:  74

item #75
key:  75
dat:  75

item #76
key:  76
dat:  76

item #77
key:  77
dat:  77

item #78
key:  78
dat:  78

item #79
key:  79
dat:  79

item #80
key:  80
dat:  80

item #81
key:  81
dat:  81

item #82
key:  82
dat:  82

item #83
key:  83
dat:  83

item #84
key:  84
dat:  84

item #85
key:  85
dat:  85

item #86
key:  86
dat:  86

item #87
key:  87
dat:  87

item #88
key:  88
dat:  88

item #89
key:  89
dat:  89

item #90
key:  90
dat:  90

item #91
key:  91
dat:  91

item #92
key:  92
dat:  92

item #93
key:  93
dat:  93

item #94
key:  94
dat:  94

item #95
key:  95
dat:  95

item #96
key:  96
dat:  96

item #97
key:  97
dat:  97

item #98
key:  98
dat:  98

item #99
key:  99
dat:  99

item #100
key:  100
dat:  100

