Enter input for key
Enter input for data
Enter input for key
Enter input for data
Enter input for key
Enter input for data
Enter input for key
Enter input for data
Enter input for key
Enter input for data
Enter input for key
Enter input for data
Enter input for key
Enter input for data
Enter input for key
Enter input for data
Enter input for key
Enter input for data
Enter input for key
Enter input for data
Enter input for key
Enter input for data
Enter input for key
Enter input for data
Enter input for key
Enter input for data
Enter input for key
Enter input for data
Enter input for key
Enter input for data
Enter input for key
item #1
key:  1
dat:  -1

item #2
key:  2
dat:  2

item #3
key:  3
dat:  -3

item #4
key:  4
dat:  4

item #5
key:  5
dat:  -5

item #6
key:  6
dat:  6

item #7
key:  7
dat:  -7

item #8
key:  8
dat:  8

item #9
key:  9
dat:  -9

item #10
key:  10
dat:  10

